<?xml version="1.0" encoding="ISO-8859-1" ?>
<link_info>
   <banner>MSP430 Linker PC v20.2.1.LTS</banner>
   <copyright>Copyright (c) 2003-2018 Texas Instruments Incorporated</copyright>
   <link_time>0x5f84ff05</link_time>
   <link_errors>0x0</link_errors>
   <output_file>PC1002.out</output_file>
   <entry_point>
      <name>_c_int00_noargs</name>
      <address>0x4400</address>
   </entry_point>
   <input_file_list>
      <input_file id="fl-2">
         <path>.\</path>
         <kind>object</kind>
         <file>main.obj</file>
         <name>main.obj</name>
      </input_file>
      <input_file id="fl-3">
         <path>.\user\</path>
         <kind>object</kind>
         <file>config.obj</file>
         <name>config.obj</name>
      </input_file>
      <input_file id="fl-4">
         <path>.\user\</path>
         <kind>object</kind>
         <file>oled.obj</file>
         <name>oled.obj</name>
      </input_file>
      <input_file id="fl-5">
         <path>.\user\</path>
         <kind>object</kind>
         <file>pwm.obj</file>
         <name>pwm.obj</name>
      </input_file>
      <input_file id="fl-6">
         <path>.\user\</path>
         <kind>object</kind>
         <file>test.obj</file>
         <name>test.obj</name>
      </input_file>
      <input_file id="fl-7">
         <path>.\user\</path>
         <kind>object</kind>
         <file>xunji.obj</file>
         <name>xunji.obj</name>
      </input_file>
      <input_file id="fl-d">
         <kind>object</kind>
         <file>&lt;internal&gt;</file>
         <name>&lt;internal&gt;</name>
      </input_file>
      <input_file id="fl-28">
         <path>D:\software2.0\IT\ccs\tools\compiler\ti-cgt-msp430_20.2.1.LTS\lib\</path>
         <kind>archive</kind>
         <file>rts430x_lc_rd_eabi.lib</file>
         <name>div16s.asm.obj</name>
      </input_file>
      <input_file id="fl-29">
         <path>D:\software2.0\IT\ccs\tools\compiler\ti-cgt-msp430_20.2.1.LTS\lib\</path>
         <kind>archive</kind>
         <file>rts430x_lc_rd_eabi.lib</file>
         <name>div16u.asm.obj</name>
      </input_file>
      <input_file id="fl-2a">
         <path>D:\software2.0\IT\ccs\tools\compiler\ti-cgt-msp430_20.2.1.LTS\lib\</path>
         <kind>archive</kind>
         <file>rts430x_lc_rd_eabi.lib</file>
         <name>int41.asm.obj</name>
      </input_file>
      <input_file id="fl-2b">
         <path>D:\software2.0\IT\ccs\tools\compiler\ti-cgt-msp430_20.2.1.LTS\lib\</path>
         <kind>archive</kind>
         <file>rts430x_lc_rd_eabi.lib</file>
         <name>int42.asm.obj</name>
      </input_file>
      <input_file id="fl-2c">
         <path>D:\software2.0\IT\ccs\tools\compiler\ti-cgt-msp430_20.2.1.LTS\lib\</path>
         <kind>archive</kind>
         <file>rts430x_lc_rd_eabi.lib</file>
         <name>int43.asm.obj</name>
      </input_file>
      <input_file id="fl-2d">
         <path>D:\software2.0\IT\ccs\tools\compiler\ti-cgt-msp430_20.2.1.LTS\lib\</path>
         <kind>archive</kind>
         <file>rts430x_lc_rd_eabi.lib</file>
         <name>int44.asm.obj</name>
      </input_file>
      <input_file id="fl-2e">
         <path>D:\software2.0\IT\ccs\tools\compiler\ti-cgt-msp430_20.2.1.LTS\lib\</path>
         <kind>archive</kind>
         <file>rts430x_lc_rd_eabi.lib</file>
         <name>int45.asm.obj</name>
      </input_file>
      <input_file id="fl-2f">
         <path>D:\software2.0\IT\ccs\tools\compiler\ti-cgt-msp430_20.2.1.LTS\lib\</path>
         <kind>archive</kind>
         <file>rts430x_lc_rd_eabi.lib</file>
         <name>int46.asm.obj</name>
      </input_file>
      <input_file id="fl-30">
         <path>D:\software2.0\IT\ccs\tools\compiler\ti-cgt-msp430_20.2.1.LTS\lib\</path>
         <kind>archive</kind>
         <file>rts430x_lc_rd_eabi.lib</file>
         <name>int47.asm.obj</name>
      </input_file>
      <input_file id="fl-31">
         <path>D:\software2.0\IT\ccs\tools\compiler\ti-cgt-msp430_20.2.1.LTS\lib\</path>
         <kind>archive</kind>
         <file>rts430x_lc_rd_eabi.lib</file>
         <name>int48.asm.obj</name>
      </input_file>
      <input_file id="fl-32">
         <path>D:\software2.0\IT\ccs\tools\compiler\ti-cgt-msp430_20.2.1.LTS\lib\</path>
         <kind>archive</kind>
         <file>rts430x_lc_rd_eabi.lib</file>
         <name>int49.asm.obj</name>
      </input_file>
      <input_file id="fl-33">
         <path>D:\software2.0\IT\ccs\tools\compiler\ti-cgt-msp430_20.2.1.LTS\lib\</path>
         <kind>archive</kind>
         <file>rts430x_lc_rd_eabi.lib</file>
         <name>int50.asm.obj</name>
      </input_file>
      <input_file id="fl-34">
         <path>D:\software2.0\IT\ccs\tools\compiler\ti-cgt-msp430_20.2.1.LTS\lib\</path>
         <kind>archive</kind>
         <file>rts430x_lc_rd_eabi.lib</file>
         <name>int51.asm.obj</name>
      </input_file>
      <input_file id="fl-35">
         <path>D:\software2.0\IT\ccs\tools\compiler\ti-cgt-msp430_20.2.1.LTS\lib\</path>
         <kind>archive</kind>
         <file>rts430x_lc_rd_eabi.lib</file>
         <name>int52.asm.obj</name>
      </input_file>
      <input_file id="fl-36">
         <path>D:\software2.0\IT\ccs\tools\compiler\ti-cgt-msp430_20.2.1.LTS\lib\</path>
         <kind>archive</kind>
         <file>rts430x_lc_rd_eabi.lib</file>
         <name>int53.asm.obj</name>
      </input_file>
      <input_file id="fl-37">
         <path>D:\software2.0\IT\ccs\tools\compiler\ti-cgt-msp430_20.2.1.LTS\lib\</path>
         <kind>archive</kind>
         <file>rts430x_lc_rd_eabi.lib</file>
         <name>int54.asm.obj</name>
      </input_file>
      <input_file id="fl-38">
         <path>D:\software2.0\IT\ccs\tools\compiler\ti-cgt-msp430_20.2.1.LTS\lib\</path>
         <kind>archive</kind>
         <file>rts430x_lc_rd_eabi.lib</file>
         <name>int55.asm.obj</name>
      </input_file>
      <input_file id="fl-39">
         <path>D:\software2.0\IT\ccs\tools\compiler\ti-cgt-msp430_20.2.1.LTS\lib\</path>
         <kind>archive</kind>
         <file>rts430x_lc_rd_eabi.lib</file>
         <name>int56.asm.obj</name>
      </input_file>
      <input_file id="fl-3a">
         <path>D:\software2.0\IT\ccs\tools\compiler\ti-cgt-msp430_20.2.1.LTS\lib\</path>
         <kind>archive</kind>
         <file>rts430x_lc_rd_eabi.lib</file>
         <name>int57.asm.obj</name>
      </input_file>
      <input_file id="fl-3b">
         <path>D:\software2.0\IT\ccs\tools\compiler\ti-cgt-msp430_20.2.1.LTS\lib\</path>
         <kind>archive</kind>
         <file>rts430x_lc_rd_eabi.lib</file>
         <name>int58.asm.obj</name>
      </input_file>
      <input_file id="fl-3c">
         <path>D:\software2.0\IT\ccs\tools\compiler\ti-cgt-msp430_20.2.1.LTS\lib\</path>
         <kind>archive</kind>
         <file>rts430x_lc_rd_eabi.lib</file>
         <name>int59.asm.obj</name>
      </input_file>
      <input_file id="fl-3d">
         <path>D:\software2.0\IT\ccs\tools\compiler\ti-cgt-msp430_20.2.1.LTS\lib\</path>
         <kind>archive</kind>
         <file>rts430x_lc_rd_eabi.lib</file>
         <name>int60.asm.obj</name>
      </input_file>
      <input_file id="fl-3e">
         <path>D:\software2.0\IT\ccs\tools\compiler\ti-cgt-msp430_20.2.1.LTS\lib\</path>
         <kind>archive</kind>
         <file>rts430x_lc_rd_eabi.lib</file>
         <name>int61.asm.obj</name>
      </input_file>
      <input_file id="fl-3f">
         <path>D:\software2.0\IT\ccs\tools\compiler\ti-cgt-msp430_20.2.1.LTS\lib\</path>
         <kind>archive</kind>
         <file>rts430x_lc_rd_eabi.lib</file>
         <name>int62.asm.obj</name>
      </input_file>
      <input_file id="fl-40">
         <path>D:\software2.0\IT\ccs\tools\compiler\ti-cgt-msp430_20.2.1.LTS\lib\</path>
         <kind>archive</kind>
         <file>rts430x_lc_rd_eabi.lib</file>
         <name>isr_trap.asm.obj</name>
      </input_file>
      <input_file id="fl-41">
         <path>D:\software2.0\IT\ccs\tools\compiler\ti-cgt-msp430_20.2.1.LTS\lib\</path>
         <kind>archive</kind>
         <file>rts430x_lc_rd_eabi.lib</file>
         <name>mult16.asm.obj</name>
      </input_file>
      <input_file id="fl-42">
         <path>D:\software2.0\IT\ccs\tools\compiler\ti-cgt-msp430_20.2.1.LTS\lib\</path>
         <kind>archive</kind>
         <file>rts430x_lc_rd_eabi.lib</file>
         <name>mult16_f5hw.asm.obj</name>
      </input_file>
      <input_file id="fl-43">
         <path>D:\software2.0\IT\ccs\tools\compiler\ti-cgt-msp430_20.2.1.LTS\lib\</path>
         <kind>archive</kind>
         <file>rts430x_lc_rd_eabi.lib</file>
         <name>mult1632_f5hw.asm.obj</name>
      </input_file>
      <input_file id="fl-44">
         <path>D:\software2.0\IT\ccs\tools\compiler\ti-cgt-msp430_20.2.1.LTS\lib\</path>
         <kind>archive</kind>
         <file>rts430x_lc_rd_eabi.lib</file>
         <name>mult32_f5hw.asm.obj</name>
      </input_file>
      <input_file id="fl-45">
         <path>D:\software2.0\IT\ccs\tools\compiler\ti-cgt-msp430_20.2.1.LTS\lib\</path>
         <kind>archive</kind>
         <file>rts430x_lc_rd_eabi.lib</file>
         <name>mult3264_f5hw.asm.obj</name>
      </input_file>
      <input_file id="fl-46">
         <path>D:\software2.0\IT\ccs\tools\compiler\ti-cgt-msp430_20.2.1.LTS\lib\</path>
         <kind>archive</kind>
         <file>rts430x_lc_rd_eabi.lib</file>
         <name>mult64_f5hw.asm.obj</name>
      </input_file>
      <input_file id="fl-47">
         <path>D:\software2.0\IT\ccs\tools\compiler\ti-cgt-msp430_20.2.1.LTS\lib\</path>
         <kind>archive</kind>
         <file>rts430x_lc_rd_eabi.lib</file>
         <name>boot.c.obj</name>
      </input_file>
      <input_file id="fl-48">
         <path>D:\software2.0\IT\ccs\tools\compiler\ti-cgt-msp430_20.2.1.LTS\lib\</path>
         <kind>archive</kind>
         <file>rts430x_lc_rd_eabi.lib</file>
         <name>autoinit.c.obj</name>
      </input_file>
      <input_file id="fl-49">
         <path>D:\software2.0\IT\ccs\tools\compiler\ti-cgt-msp430_20.2.1.LTS\lib\</path>
         <kind>archive</kind>
         <file>rts430x_lc_rd_eabi.lib</file>
         <name>copy_zero_init.c.obj</name>
      </input_file>
      <input_file id="fl-4a">
         <path>D:\software2.0\IT\ccs\tools\compiler\ti-cgt-msp430_20.2.1.LTS\lib\</path>
         <kind>archive</kind>
         <file>rts430x_lc_rd_eabi.lib</file>
         <name>cpy_tbl.c.obj</name>
      </input_file>
      <input_file id="fl-4b">
         <path>D:\software2.0\IT\ccs\tools\compiler\ti-cgt-msp430_20.2.1.LTS\lib\</path>
         <kind>archive</kind>
         <file>rts430x_lc_rd_eabi.lib</file>
         <name>mpu_init.c.obj</name>
      </input_file>
      <input_file id="fl-4c">
         <path>D:\software2.0\IT\ccs\tools\compiler\ti-cgt-msp430_20.2.1.LTS\lib\</path>
         <kind>archive</kind>
         <file>rts430x_lc_rd_eabi.lib</file>
         <name>pre_init.c.obj</name>
      </input_file>
      <input_file id="fl-4d">
         <path>D:\software2.0\IT\ccs\tools\compiler\ti-cgt-msp430_20.2.1.LTS\lib\</path>
         <kind>archive</kind>
         <file>rts430x_lc_rd_eabi.lib</file>
         <name>startup.c.obj</name>
      </input_file>
      <input_file id="fl-4e">
         <path>D:\software2.0\IT\ccs\tools\compiler\ti-cgt-msp430_20.2.1.LTS\lib\</path>
         <kind>archive</kind>
         <file>rts430x_lc_rd_eabi.lib</file>
         <name>copy_decompress_none.c.obj</name>
      </input_file>
      <input_file id="fl-4f">
         <path>D:\software2.0\IT\ccs\tools\compiler\ti-cgt-msp430_20.2.1.LTS\lib\</path>
         <kind>archive</kind>
         <file>rts430x_lc_rd_eabi.lib</file>
         <name>copy_decompress_lzss.c.obj</name>
      </input_file>
      <input_file id="fl-50">
         <path>D:\software2.0\IT\ccs\tools\compiler\ti-cgt-msp430_20.2.1.LTS\lib\</path>
         <kind>archive</kind>
         <file>rts430x_lc_rd_eabi.lib</file>
         <name>exit.c.obj</name>
      </input_file>
      <input_file id="fl-51">
         <path>D:\software2.0\IT\ccs\tools\compiler\ti-cgt-msp430_20.2.1.LTS\lib\</path>
         <kind>archive</kind>
         <file>rts430x_lc_rd_eabi.lib</file>
         <name>_lock.c.obj</name>
      </input_file>
      <input_file id="fl-52">
         <path>D:\software2.0\IT\ccs\tools\compiler\ti-cgt-msp430_20.2.1.LTS\lib\</path>
         <kind>archive</kind>
         <file>rts430x_lc_rd_eabi.lib</file>
         <name>args_main.c.obj</name>
      </input_file>
      <input_file id="fl-53">
         <path>D:\software2.0\IT\ccs\tools\compiler\ti-cgt-msp430_20.2.1.LTS\lib\</path>
         <kind>archive</kind>
         <file>rts430x_lc_rd_eabi.lib</file>
         <name>memcpy.c.obj</name>
      </input_file>
      <input_file id="fl-54">
         <path>D:\software2.0\IT\ccs\tools\compiler\ti-cgt-msp430_20.2.1.LTS\lib\</path>
         <kind>archive</kind>
         <file>rts430x_lc_rd_eabi.lib</file>
         <name>exit_gvars.c.obj</name>
      </input_file>
   </input_file_list>
   <object_component_list>
      <object_component id="oc-4ad">
         <name>.data</name>
         <load_address>0x2400</load_address>
         <run_address>0x2400</run_address>
         <size>0x2</size>
         <input_file_ref idref="fl-7"/>
      </object_component>
      <object_component id="oc-36b">
         <name>.stack</name>
         <uninitialized>true</uninitialized>
         <run_address>0x4360</run_address>
         <size>0x4</size>
         <input_file_ref idref="fl-47"/>
      </object_component>
      <object_component id="oc-627">
         <name>.stack</name>
         <uninitialized>true</uninitialized>
         <run_address>0x4360</run_address>
         <size>0x0</size>
      </object_component>
      <object_component id="oc-422">
         <name>.text:pid_track_zhixian_up1</name>
         <load_address>0x10000</load_address>
         <run_address>0x10000</run_address>
         <size>0x1d2</size>
         <input_file_ref idref="fl-7"/>
      </object_component>
      <object_component id="oc-428">
         <name>.text:pid_track_zhixian_0</name>
         <load_address>0x101d2</load_address>
         <run_address>0x101d2</run_address>
         <size>0x1ce</size>
         <input_file_ref idref="fl-7"/>
      </object_component>
      <object_component id="oc-3e8">
         <name>.text:main</name>
         <load_address>0x103a0</load_address>
         <run_address>0x103a0</run_address>
         <size>0x17c</size>
         <input_file_ref idref="fl-2"/>
      </object_component>
      <object_component id="oc-49a">
         <name>.text:GPIO_Config</name>
         <load_address>0x1051c</load_address>
         <run_address>0x1051c</run_address>
         <size>0xe8</size>
         <input_file_ref idref="fl-3"/>
      </object_component>
      <object_component id="oc-43a">
         <name>.text:digtal</name>
         <load_address>0x10604</load_address>
         <run_address>0x10604</run_address>
         <size>0xe0</size>
         <input_file_ref idref="fl-7"/>
      </object_component>
      <object_component id="oc-410">
         <name>.text:OLED_Init</name>
         <load_address>0x106e4</load_address>
         <run_address>0x106e4</run_address>
         <size>0xde</size>
         <input_file_ref idref="fl-4"/>
      </object_component>
      <object_component id="oc-52c">
         <name>.text:OLED_ShowChar</name>
         <load_address>0x107c2</load_address>
         <run_address>0x107c2</run_address>
         <size>0xac</size>
         <input_file_ref idref="fl-4"/>
      </object_component>
      <object_component id="oc-4a0">
         <name>.text:Motor_Config</name>
         <load_address>0x1086e</load_address>
         <run_address>0x1086e</run_address>
         <size>0x9c</size>
         <input_file_ref idref="fl-3"/>
      </object_component>
      <object_component id="oc-539">
         <name>.text:OLED_ShowNum</name>
         <load_address>0x1090a</load_address>
         <run_address>0x1090a</run_address>
         <size>0x86</size>
         <input_file_ref idref="fl-4"/>
      </object_component>
      <object_component id="oc-4a7">
         <name>.text:motor10</name>
         <load_address>0x10990</load_address>
         <run_address>0x10990</run_address>
         <size>0x7c</size>
         <input_file_ref idref="fl-5"/>
      </object_component>
      <object_component id="oc-6d">
         <name>.text:decompress:lzss:__TI_decompress_lzss</name>
         <load_address>0x10a0c</load_address>
         <run_address>0x10a0c</run_address>
         <size>0x76</size>
         <input_file_ref idref="fl-4f"/>
      </object_component>
      <object_component id="oc-4bc">
         <name>.text:OLED_ShowVI</name>
         <load_address>0x10a82</load_address>
         <run_address>0x10a82</run_address>
         <size>0x54</size>
         <input_file_ref idref="fl-4"/>
      </object_component>
      <object_component id="oc-477">
         <name>.text:__TI_auto_init_nobinit_nopinit_hold_wdt:__TI_auto_init_nobinit_nopinit_hold_wdt</name>
         <load_address>0x10ad6</load_address>
         <run_address>0x10ad6</run_address>
         <size>0x54</size>
         <input_file_ref idref="fl-48"/>
      </object_component>
      <object_component id="oc-416">
         <name>.text:OLED_Clear</name>
         <load_address>0x10b2a</load_address>
         <run_address>0x10b2a</run_address>
         <size>0x44</size>
         <input_file_ref idref="fl-4"/>
      </object_component>
      <object_component id="oc-4b6">
         <name>.text:OLED_ShowString</name>
         <load_address>0x10b6e</load_address>
         <run_address>0x10b6e</run_address>
         <size>0x3a</size>
         <input_file_ref idref="fl-4"/>
      </object_component>
      <object_component id="oc-440">
         <name>.text:OLED_WORK</name>
         <load_address>0x10ba8</load_address>
         <run_address>0x10ba8</run_address>
         <size>0x36</size>
         <input_file_ref idref="fl-4"/>
      </object_component>
      <object_component id="oc-4fe">
         <name>.text:Write_IIC_Data</name>
         <load_address>0x10bde</load_address>
         <run_address>0x10bde</run_address>
         <size>0x2e</size>
         <input_file_ref idref="fl-4"/>
      </object_component>
      <object_component id="oc-4f8">
         <name>.text:Write_IIC_Command</name>
         <load_address>0x10c0c</load_address>
         <run_address>0x10c0c</run_address>
         <size>0x2c</size>
         <input_file_ref idref="fl-4"/>
      </object_component>
      <object_component id="oc-50c">
         <name>.text</name>
         <load_address>0x10c38</load_address>
         <run_address>0x10c38</run_address>
         <size>0x2c</size>
         <input_file_ref idref="fl-28"/>
      </object_component>
      <object_component id="oc-446">
         <name>.text:OLED_WORK3</name>
         <load_address>0x10c64</load_address>
         <run_address>0x10c64</run_address>
         <size>0x2a</size>
         <input_file_ref idref="fl-4"/>
      </object_component>
      <object_component id="oc-56e">
         <name>.text:Write_IIC_Byte</name>
         <load_address>0x10c8e</load_address>
         <run_address>0x10c8e</run_address>
         <size>0x2a</size>
         <input_file_ref idref="fl-4"/>
      </object_component>
      <object_component id="oc-588">
         <name>.text:OLED_Set_Pos</name>
         <load_address>0x10cb8</load_address>
         <run_address>0x10cb8</run_address>
         <size>0x26</size>
         <input_file_ref idref="fl-4"/>
      </object_component>
      <object_component id="oc-44c">
         <name>.text:OLED_WORK2</name>
         <load_address>0x10cde</load_address>
         <run_address>0x10cde</run_address>
         <size>0x26</size>
         <input_file_ref idref="fl-4"/>
      </object_component>
      <object_component id="oc-598">
         <name>.text:oled_pow</name>
         <load_address>0x10d04</load_address>
         <run_address>0x10d04</run_address>
         <size>0x18</size>
         <input_file_ref idref="fl-4"/>
      </object_component>
      <object_component id="oc-507">
         <name>.text</name>
         <load_address>0x10d1c</load_address>
         <run_address>0x10d1c</run_address>
         <size>0x18</size>
         <input_file_ref idref="fl-42"/>
      </object_component>
      <object_component id="oc-41c">
         <name>.text:All_Config</name>
         <load_address>0x10d34</load_address>
         <run_address>0x10d34</run_address>
         <size>0x16</size>
         <input_file_ref idref="fl-3"/>
      </object_component>
      <object_component id="oc-534">
         <name>.text</name>
         <load_address>0x10d4a</load_address>
         <run_address>0x10d4a</run_address>
         <size>0x16</size>
         <input_file_ref idref="fl-29"/>
      </object_component>
      <object_component id="oc-492">
         <name>.text:OLED_WR_Byte</name>
         <load_address>0x10d60</load_address>
         <run_address>0x10d60</run_address>
         <size>0x14</size>
         <input_file_ref idref="fl-4"/>
      </object_component>
      <object_component id="oc-37a">
         <name>.text:memcpy</name>
         <load_address>0x10d74</load_address>
         <run_address>0x10d74</run_address>
         <size>0x14</size>
         <input_file_ref idref="fl-53"/>
      </object_component>
      <object_component id="oc-568">
         <name>.text:IIC_Start</name>
         <load_address>0x10d88</load_address>
         <run_address>0x10d88</run_address>
         <size>0x12</size>
         <input_file_ref idref="fl-4"/>
      </object_component>
      <object_component id="oc-73">
         <name>.text:decompress:none:__TI_decompress_none</name>
         <load_address>0x10d9a</load_address>
         <run_address>0x10d9a</run_address>
         <size>0x12</size>
         <input_file_ref idref="fl-4e"/>
      </object_component>
      <object_component id="oc-57a">
         <name>.text:IIC_Stop</name>
         <load_address>0x10dac</load_address>
         <run_address>0x10dac</run_address>
         <size>0xe</size>
         <input_file_ref idref="fl-4"/>
      </object_component>
      <object_component id="oc-517">
         <name>.text:Motor_Left_Backward</name>
         <load_address>0x10dba</load_address>
         <run_address>0x10dba</run_address>
         <size>0xe</size>
         <input_file_ref idref="fl-5"/>
      </object_component>
      <object_component id="oc-511">
         <name>.text:Motor_Left_Forward</name>
         <load_address>0x10dc8</load_address>
         <run_address>0x10dc8</run_address>
         <size>0xe</size>
         <input_file_ref idref="fl-5"/>
      </object_component>
      <object_component id="oc-42e">
         <name>.text:Motor_Left_Stop</name>
         <load_address>0x10dd6</load_address>
         <run_address>0x10dd6</run_address>
         <size>0xe</size>
         <input_file_ref idref="fl-5"/>
      </object_component>
      <object_component id="oc-51d">
         <name>.text:Motor_Right_Forward</name>
         <load_address>0x10de4</load_address>
         <run_address>0x10de4</run_address>
         <size>0xe</size>
         <input_file_ref idref="fl-5"/>
      </object_component>
      <object_component id="oc-523">
         <name>.text:Motor_Right_Backward</name>
         <load_address>0x10df2</load_address>
         <run_address>0x10df2</run_address>
         <size>0xc</size>
         <input_file_ref idref="fl-5"/>
      </object_component>
      <object_component id="oc-434">
         <name>.text:Motor_Right_Stop</name>
         <load_address>0x10dfe</load_address>
         <run_address>0x10dfe</run_address>
         <size>0xc</size>
         <input_file_ref idref="fl-5"/>
      </object_component>
      <object_component id="oc-574">
         <name>.text:IIC_Wait_Ack</name>
         <load_address>0x10e0a</load_address>
         <run_address>0x10e0a</run_address>
         <size>0xa</size>
         <input_file_ref idref="fl-4"/>
      </object_component>
      <object_component id="oc-453">
         <name>.text:abort</name>
         <load_address>0x10e14</load_address>
         <run_address>0x10e14</run_address>
         <size>0x6</size>
         <input_file_ref idref="fl-50"/>
      </object_component>
      <object_component id="oc-3e2">
         <name>.text:_system_pre_init</name>
         <load_address>0x10e1a</load_address>
         <run_address>0x10e1a</run_address>
         <size>0x4</size>
         <input_file_ref idref="fl-4c"/>
      </object_component>
      <object_component id="oc-4d7">
         <name>.text:_system_post_cinit</name>
         <load_address>0x10e1e</load_address>
         <run_address>0x10e1e</run_address>
         <size>0x2</size>
         <input_file_ref idref="fl-4d"/>
      </object_component>
      <object_component id="oc-39e">
         <name>.text:_isr:_c_int00_noargs</name>
         <load_address>0x4400</load_address>
         <run_address>0x4400</run_address>
         <size>0x1c</size>
         <input_file_ref idref="fl-47"/>
      </object_component>
      <object_component id="oc-387">
         <name>.text:_isr:__TI_ISR_TRAP</name>
         <load_address>0x441c</load_address>
         <run_address>0x441c</run_address>
         <size>0x8</size>
         <input_file_ref idref="fl-40"/>
      </object_component>
      <object_component id="oc-624">
         <name>__TI_handler_table</name>
         <load_address>0x4c50</load_address>
         <run_address>0x4c50</run_address>
         <size>0x8</size>
      </object_component>
      <object_component id="oc-626">
         <name>.cinit..data.load</name>
         <load_address>0x4c58</load_address>
         <run_address>0x4c58</run_address>
         <size>0x6</size>
      </object_component>
      <object_component id="oc-625">
         <name>__TI_cinit_table</name>
         <load_address>0x4c5e</load_address>
         <run_address>0x4c5e</run_address>
         <size>0x8</size>
      </object_component>
      <object_component id="oc-591">
         <name>.const:.string:F8X16</name>
         <load_address>0x4424</load_address>
         <run_address>0x4424</run_address>
         <size>0x5f0</size>
         <input_file_ref idref="fl-4"/>
      </object_component>
      <object_component id="oc-58e">
         <name>.const:F6x8</name>
         <load_address>0x4a14</load_address>
         <run_address>0x4a14</run_address>
         <size>0x228</size>
         <input_file_ref idref="fl-4"/>
      </object_component>
      <object_component id="oc-4b5">
         <name>.const:.string</name>
         <load_address>0x4c3c</load_address>
         <run_address>0x4c3c</run_address>
         <size>0x14</size>
         <input_file_ref idref="fl-4"/>
      </object_component>
      <object_component id="oc-5b6">
         <name>.binit</name>
         <load_address>0x4400</load_address>
         <run_address>0x4400</run_address>
         <size>0x0</size>
      </object_component>
      <object_component id="oc-79">
         <name>.int41</name>
         <load_address>0xffd2</load_address>
         <run_address>0xffd2</run_address>
         <size>0x2</size>
         <input_file_ref idref="fl-2a"/>
      </object_component>
      <object_component id="oc-7a">
         <name>.int42</name>
         <load_address>0xffd4</load_address>
         <run_address>0xffd4</run_address>
         <size>0x2</size>
         <input_file_ref idref="fl-2b"/>
      </object_component>
      <object_component id="oc-7b">
         <name>.int43</name>
         <load_address>0xffd6</load_address>
         <run_address>0xffd6</run_address>
         <size>0x2</size>
         <input_file_ref idref="fl-2c"/>
      </object_component>
      <object_component id="oc-7c">
         <name>.int44</name>
         <load_address>0xffd8</load_address>
         <run_address>0xffd8</run_address>
         <size>0x2</size>
         <input_file_ref idref="fl-2d"/>
      </object_component>
      <object_component id="oc-7d">
         <name>.int45</name>
         <load_address>0xffda</load_address>
         <run_address>0xffda</run_address>
         <size>0x2</size>
         <input_file_ref idref="fl-2e"/>
      </object_component>
      <object_component id="oc-7e">
         <name>.int46</name>
         <load_address>0xffdc</load_address>
         <run_address>0xffdc</run_address>
         <size>0x2</size>
         <input_file_ref idref="fl-2f"/>
      </object_component>
      <object_component id="oc-7f">
         <name>.int47</name>
         <load_address>0xffde</load_address>
         <run_address>0xffde</run_address>
         <size>0x2</size>
         <input_file_ref idref="fl-30"/>
      </object_component>
      <object_component id="oc-80">
         <name>.int48</name>
         <load_address>0xffe0</load_address>
         <run_address>0xffe0</run_address>
         <size>0x2</size>
         <input_file_ref idref="fl-31"/>
      </object_component>
      <object_component id="oc-81">
         <name>.int49</name>
         <load_address>0xffe2</load_address>
         <run_address>0xffe2</run_address>
         <size>0x2</size>
         <input_file_ref idref="fl-32"/>
      </object_component>
      <object_component id="oc-82">
         <name>.int50</name>
         <load_address>0xffe4</load_address>
         <run_address>0xffe4</run_address>
         <size>0x2</size>
         <input_file_ref idref="fl-33"/>
      </object_component>
      <object_component id="oc-83">
         <name>.int51</name>
         <load_address>0xffe6</load_address>
         <run_address>0xffe6</run_address>
         <size>0x2</size>
         <input_file_ref idref="fl-34"/>
      </object_component>
      <object_component id="oc-84">
         <name>.int52</name>
         <load_address>0xffe8</load_address>
         <run_address>0xffe8</run_address>
         <size>0x2</size>
         <input_file_ref idref="fl-35"/>
      </object_component>
      <object_component id="oc-85">
         <name>.int53</name>
         <load_address>0xffea</load_address>
         <run_address>0xffea</run_address>
         <size>0x2</size>
         <input_file_ref idref="fl-36"/>
      </object_component>
      <object_component id="oc-86">
         <name>.int54</name>
         <load_address>0xffec</load_address>
         <run_address>0xffec</run_address>
         <size>0x2</size>
         <input_file_ref idref="fl-37"/>
      </object_component>
      <object_component id="oc-87">
         <name>.int55</name>
         <load_address>0xffee</load_address>
         <run_address>0xffee</run_address>
         <size>0x2</size>
         <input_file_ref idref="fl-38"/>
      </object_component>
      <object_component id="oc-88">
         <name>.int56</name>
         <load_address>0xfff0</load_address>
         <run_address>0xfff0</run_address>
         <size>0x2</size>
         <input_file_ref idref="fl-39"/>
      </object_component>
      <object_component id="oc-89">
         <name>.int57</name>
         <load_address>0xfff2</load_address>
         <run_address>0xfff2</run_address>
         <size>0x2</size>
         <input_file_ref idref="fl-3a"/>
      </object_component>
      <object_component id="oc-8a">
         <name>.int58</name>
         <load_address>0xfff4</load_address>
         <run_address>0xfff4</run_address>
         <size>0x2</size>
         <input_file_ref idref="fl-3b"/>
      </object_component>
      <object_component id="oc-8b">
         <name>.int59</name>
         <load_address>0xfff6</load_address>
         <run_address>0xfff6</run_address>
         <size>0x2</size>
         <input_file_ref idref="fl-3c"/>
      </object_component>
      <object_component id="oc-8c">
         <name>.int60</name>
         <load_address>0xfff8</load_address>
         <run_address>0xfff8</run_address>
         <size>0x2</size>
         <input_file_ref idref="fl-3d"/>
      </object_component>
      <object_component id="oc-8d">
         <name>.int61</name>
         <load_address>0xfffa</load_address>
         <run_address>0xfffa</run_address>
         <size>0x2</size>
         <input_file_ref idref="fl-3e"/>
      </object_component>
      <object_component id="oc-8e">
         <name>.int62</name>
         <load_address>0xfffc</load_address>
         <run_address>0xfffc</run_address>
         <size>0x2</size>
         <input_file_ref idref="fl-3f"/>
      </object_component>
      <object_component id="oc-36e">
         <name>.reset</name>
         <load_address>0xfffe</load_address>
         <run_address>0xfffe</run_address>
         <size>0x2</size>
         <input_file_ref idref="fl-47"/>
      </object_component>
      <object_component id="oc-3e9">
         <name>.debug_info</name>
         <load_address>0x0</load_address>
         <run_address>0x0</run_address>
         <size>0x27c</size>
         <input_file_ref idref="fl-2"/>
      </object_component>
      <object_component id="oc-375">
         <name>.debug_info</name>
         <load_address>0x27c</load_address>
         <run_address>0x27c</run_address>
         <size>0x84</size>
         <input_file_ref idref="fl-2"/>
      </object_component>
      <object_component id="oc-4a1">
         <name>.debug_info</name>
         <load_address>0x300</load_address>
         <run_address>0x300</run_address>
         <size>0x109</size>
         <input_file_ref idref="fl-3"/>
      </object_component>
      <object_component id="oc-49b">
         <name>.debug_info</name>
         <load_address>0x409</load_address>
         <run_address>0x409</run_address>
         <size>0x107</size>
         <input_file_ref idref="fl-3"/>
      </object_component>
      <object_component id="oc-41f">
         <name>.debug_info</name>
         <load_address>0x510</load_address>
         <run_address>0x510</run_address>
         <size>0x12a</size>
         <input_file_ref idref="fl-3"/>
      </object_component>
      <object_component id="oc-533">
         <name>.debug_info</name>
         <load_address>0x63a</load_address>
         <run_address>0x63a</run_address>
         <size>0x1bd</size>
         <input_file_ref idref="fl-4"/>
      </object_component>
      <object_component id="oc-58f">
         <name>.debug_info</name>
         <load_address>0x7f7</load_address>
         <run_address>0x7f7</run_address>
         <size>0xbf</size>
         <input_file_ref idref="fl-4"/>
      </object_component>
      <object_component id="oc-592">
         <name>.debug_info</name>
         <load_address>0x8b6</load_address>
         <run_address>0x8b6</run_address>
         <size>0xc1</size>
         <input_file_ref idref="fl-4"/>
      </object_component>
      <object_component id="oc-59a">
         <name>.debug_info</name>
         <load_address>0x977</load_address>
         <run_address>0x977</run_address>
         <size>0x154</size>
         <input_file_ref idref="fl-4"/>
      </object_component>
      <object_component id="oc-56a">
         <name>.debug_info</name>
         <load_address>0xacb</load_address>
         <run_address>0xacb</run_address>
         <size>0xfd</size>
         <input_file_ref idref="fl-4"/>
      </object_component>
      <object_component id="oc-56f">
         <name>.debug_info</name>
         <load_address>0xbc8</load_address>
         <run_address>0xbc8</run_address>
         <size>0x143</size>
         <input_file_ref idref="fl-4"/>
      </object_component>
      <object_component id="oc-575">
         <name>.debug_info</name>
         <load_address>0xd0b</load_address>
         <run_address>0xd0b</run_address>
         <size>0x103</size>
         <input_file_ref idref="fl-4"/>
      </object_component>
      <object_component id="oc-57b">
         <name>.debug_info</name>
         <load_address>0xe0e</load_address>
         <run_address>0xe0e</run_address>
         <size>0xfb</size>
         <input_file_ref idref="fl-4"/>
      </object_component>
      <object_component id="oc-4f9">
         <name>.debug_info</name>
         <load_address>0xf09</load_address>
         <run_address>0xf09</run_address>
         <size>0x1e2</size>
         <input_file_ref idref="fl-4"/>
      </object_component>
      <object_component id="oc-4ff">
         <name>.debug_info</name>
         <load_address>0x10eb</load_address>
         <run_address>0x10eb</run_address>
         <size>0x1d0</size>
         <input_file_ref idref="fl-4"/>
      </object_component>
      <object_component id="oc-493">
         <name>.debug_info</name>
         <load_address>0x12bb</load_address>
         <run_address>0x12bb</run_address>
         <size>0x16c</size>
         <input_file_ref idref="fl-4"/>
      </object_component>
      <object_component id="oc-589">
         <name>.debug_info</name>
         <load_address>0x1427</load_address>
         <run_address>0x1427</run_address>
         <size>0x168</size>
         <input_file_ref idref="fl-4"/>
      </object_component>
      <object_component id="oc-52d">
         <name>.debug_info</name>
         <load_address>0x158f</load_address>
         <run_address>0x158f</run_address>
         <size>0x212</size>
         <input_file_ref idref="fl-4"/>
      </object_component>
      <object_component id="oc-4b7">
         <name>.debug_info</name>
         <load_address>0x17a1</load_address>
         <run_address>0x17a1</run_address>
         <size>0x1a9</size>
         <input_file_ref idref="fl-4"/>
      </object_component>
      <object_component id="oc-53a">
         <name>.debug_info</name>
         <load_address>0x194a</load_address>
         <run_address>0x194a</run_address>
         <size>0x24a</size>
         <input_file_ref idref="fl-4"/>
      </object_component>
      <object_component id="oc-4bd">
         <name>.debug_info</name>
         <load_address>0x1b94</load_address>
         <run_address>0x1b94</run_address>
         <size>0x1d3</size>
         <input_file_ref idref="fl-4"/>
      </object_component>
      <object_component id="oc-447">
         <name>.debug_info</name>
         <load_address>0x1d67</load_address>
         <run_address>0x1d67</run_address>
         <size>0x140</size>
         <input_file_ref idref="fl-4"/>
      </object_component>
      <object_component id="oc-44d">
         <name>.debug_info</name>
         <load_address>0x1ea7</load_address>
         <run_address>0x1ea7</run_address>
         <size>0x140</size>
         <input_file_ref idref="fl-4"/>
      </object_component>
      <object_component id="oc-441">
         <name>.debug_info</name>
         <load_address>0x1fe7</load_address>
         <run_address>0x1fe7</run_address>
         <size>0x154</size>
         <input_file_ref idref="fl-4"/>
      </object_component>
      <object_component id="oc-411">
         <name>.debug_info</name>
         <load_address>0x213b</load_address>
         <run_address>0x213b</run_address>
         <size>0x301</size>
         <input_file_ref idref="fl-4"/>
      </object_component>
      <object_component id="oc-417">
         <name>.debug_info</name>
         <load_address>0x243c</load_address>
         <run_address>0x243c</run_address>
         <size>0x161</size>
         <input_file_ref idref="fl-4"/>
      </object_component>
      <object_component id="oc-430">
         <name>.debug_info</name>
         <load_address>0x259d</load_address>
         <run_address>0x259d</run_address>
         <size>0x106</size>
         <input_file_ref idref="fl-5"/>
      </object_component>
      <object_component id="oc-514">
         <name>.debug_info</name>
         <load_address>0x26a3</load_address>
         <run_address>0x26a3</run_address>
         <size>0x10c</size>
         <input_file_ref idref="fl-5"/>
      </object_component>
      <object_component id="oc-519">
         <name>.debug_info</name>
         <load_address>0x27af</load_address>
         <run_address>0x27af</run_address>
         <size>0x10e</size>
         <input_file_ref idref="fl-5"/>
      </object_component>
      <object_component id="oc-435">
         <name>.debug_info</name>
         <load_address>0x28bd</load_address>
         <run_address>0x28bd</run_address>
         <size>0x108</size>
         <input_file_ref idref="fl-5"/>
      </object_component>
      <object_component id="oc-51e">
         <name>.debug_info</name>
         <load_address>0x29c5</load_address>
         <run_address>0x29c5</run_address>
         <size>0x10e</size>
         <input_file_ref idref="fl-5"/>
      </object_component>
      <object_component id="oc-524">
         <name>.debug_info</name>
         <load_address>0x2ad3</load_address>
         <run_address>0x2ad3</run_address>
         <size>0x110</size>
         <input_file_ref idref="fl-5"/>
      </object_component>
      <object_component id="oc-4a8">
         <name>.debug_info</name>
         <load_address>0x2be3</load_address>
         <run_address>0x2be3</run_address>
         <size>0x252</size>
         <input_file_ref idref="fl-5"/>
      </object_component>
      <object_component id="oc-4ae">
         <name>.debug_info</name>
         <load_address>0x2e35</load_address>
         <run_address>0x2e35</run_address>
         <size>0xc2</size>
         <input_file_ref idref="fl-7"/>
      </object_component>
      <object_component id="oc-43b">
         <name>.debug_info</name>
         <load_address>0x2ef7</load_address>
         <run_address>0x2ef7</run_address>
         <size>0x128</size>
         <input_file_ref idref="fl-7"/>
      </object_component>
      <object_component id="oc-423">
         <name>.debug_info</name>
         <load_address>0x301f</load_address>
         <run_address>0x301f</run_address>
         <size>0x2f2</size>
         <input_file_ref idref="fl-7"/>
      </object_component>
      <object_component id="oc-429">
         <name>.debug_info</name>
         <load_address>0x3311</load_address>
         <run_address>0x3311</run_address>
         <size>0x2ee</size>
         <input_file_ref idref="fl-7"/>
      </object_component>
      <object_component id="oc-50d">
         <name>.debug_info</name>
         <load_address>0x35ff</load_address>
         <run_address>0x35ff</run_address>
         <size>0x135</size>
         <input_file_ref idref="fl-28"/>
      </object_component>
      <object_component id="oc-537">
         <name>.debug_info</name>
         <load_address>0x3734</load_address>
         <run_address>0x3734</run_address>
         <size>0x121</size>
         <input_file_ref idref="fl-29"/>
      </object_component>
      <object_component id="oc-389">
         <name>.debug_info</name>
         <load_address>0x3855</load_address>
         <run_address>0x3855</run_address>
         <size>0x10f</size>
         <input_file_ref idref="fl-40"/>
      </object_component>
      <object_component id="oc-509">
         <name>.debug_info</name>
         <load_address>0x3964</load_address>
         <run_address>0x3964</run_address>
         <size>0x130</size>
         <input_file_ref idref="fl-42"/>
      </object_component>
      <object_component id="oc-36c">
         <name>.debug_info</name>
         <load_address>0x3a94</load_address>
         <run_address>0x3a94</run_address>
         <size>0x100</size>
         <input_file_ref idref="fl-47"/>
      </object_component>
      <object_component id="oc-3a2">
         <name>.debug_info</name>
         <load_address>0x3b94</load_address>
         <run_address>0x3b94</run_address>
         <size>0x17a</size>
         <input_file_ref idref="fl-47"/>
      </object_component>
      <object_component id="oc-4de">
         <name>.debug_info</name>
         <load_address>0x3d0e</load_address>
         <run_address>0x3d0e</run_address>
         <size>0x3fc</size>
         <input_file_ref idref="fl-48"/>
      </object_component>
      <object_component id="oc-47b">
         <name>.debug_info</name>
         <load_address>0x410a</load_address>
         <run_address>0x410a</run_address>
         <size>0x230</size>
         <input_file_ref idref="fl-48"/>
      </object_component>
      <object_component id="oc-557">
         <name>.debug_info</name>
         <load_address>0x433a</load_address>
         <run_address>0x433a</run_address>
         <size>0x39</size>
         <input_file_ref idref="fl-48"/>
      </object_component>
      <object_component id="oc-563">
         <name>.debug_info</name>
         <load_address>0x4373</load_address>
         <run_address>0x4373</run_address>
         <size>0x2c</size>
         <input_file_ref idref="fl-48"/>
      </object_component>
      <object_component id="oc-4e9">
         <name>.debug_info</name>
         <load_address>0x439f</load_address>
         <run_address>0x439f</run_address>
         <size>0x2c</size>
         <input_file_ref idref="fl-48"/>
      </object_component>
      <object_component id="oc-55c">
         <name>.debug_info</name>
         <load_address>0x43cb</load_address>
         <run_address>0x43cb</run_address>
         <size>0xcd</size>
         <input_file_ref idref="fl-48"/>
      </object_component>
      <object_component id="oc-3d2">
         <name>.debug_info</name>
         <load_address>0x4498</load_address>
         <run_address>0x4498</run_address>
         <size>0x2c</size>
         <input_file_ref idref="fl-4a"/>
      </object_component>
      <object_component id="oc-3e5">
         <name>.debug_info</name>
         <load_address>0x44c4</load_address>
         <run_address>0x44c4</run_address>
         <size>0x153</size>
         <input_file_ref idref="fl-4c"/>
      </object_component>
      <object_component id="oc-4da">
         <name>.debug_info</name>
         <load_address>0x4617</load_address>
         <run_address>0x4617</run_address>
         <size>0x150</size>
         <input_file_ref idref="fl-4d"/>
      </object_component>
      <object_component id="oc-386">
         <name>.debug_info</name>
         <load_address>0x4767</load_address>
         <run_address>0x4767</run_address>
         <size>0x18f</size>
         <input_file_ref idref="fl-4e"/>
      </object_component>
      <object_component id="oc-74">
         <name>.debug_info</name>
         <load_address>0x48f6</load_address>
         <run_address>0x48f6</run_address>
         <size>0x1d3</size>
         <input_file_ref idref="fl-4e"/>
      </object_component>
      <object_component id="oc-381">
         <name>.debug_info</name>
         <load_address>0x4ac9</load_address>
         <run_address>0x4ac9</run_address>
         <size>0x46</size>
         <input_file_ref idref="fl-4e"/>
      </object_component>
      <object_component id="oc-3cf">
         <name>.debug_info</name>
         <load_address>0x4b0f</load_address>
         <run_address>0x4b0f</run_address>
         <size>0x17b</size>
         <input_file_ref idref="fl-4f"/>
      </object_component>
      <object_component id="oc-70">
         <name>.debug_info</name>
         <load_address>0x4c8a</load_address>
         <run_address>0x4c8a</run_address>
         <size>0x250</size>
         <input_file_ref idref="fl-4f"/>
      </object_component>
      <object_component id="oc-370">
         <name>.debug_info</name>
         <load_address>0x4eda</load_address>
         <run_address>0x4eda</run_address>
         <size>0x60</size>
         <input_file_ref idref="fl-4f"/>
      </object_component>
      <object_component id="oc-404">
         <name>.debug_info</name>
         <load_address>0x4f3a</load_address>
         <run_address>0x4f3a</run_address>
         <size>0x46</size>
         <input_file_ref idref="fl-4f"/>
      </object_component>
      <object_component id="oc-3ca">
         <name>.debug_info</name>
         <load_address>0x4f80</load_address>
         <run_address>0x4f80</run_address>
         <size>0x39</size>
         <input_file_ref idref="fl-4f"/>
      </object_component>
      <object_component id="oc-456">
         <name>.debug_info</name>
         <load_address>0x4fb9</load_address>
         <run_address>0x4fb9</run_address>
         <size>0x122</size>
         <input_file_ref idref="fl-50"/>
      </object_component>
      <object_component id="oc-3d1">
         <name>.debug_info</name>
         <load_address>0x50db</load_address>
         <run_address>0x50db</run_address>
         <size>0x19a</size>
         <input_file_ref idref="fl-53"/>
      </object_component>
      <object_component id="oc-37d">
         <name>.debug_info</name>
         <load_address>0x5275</load_address>
         <run_address>0x5275</run_address>
         <size>0x17a</size>
         <input_file_ref idref="fl-53"/>
      </object_component>
      <object_component id="oc-62a">
         <name>.debug_info</name>
         <load_address>0x53ef</load_address>
         <run_address>0x53ef</run_address>
         <size>0x91</size>
      </object_component>
      <object_component id="oc-3ec">
         <name>.debug_line</name>
         <load_address>0x0</load_address>
         <run_address>0x0</run_address>
         <size>0xd6</size>
         <input_file_ref idref="fl-2"/>
      </object_component>
      <object_component id="oc-378">
         <name>.debug_line</name>
         <load_address>0xd6</load_address>
         <run_address>0xd6</run_address>
         <size>0x20</size>
         <input_file_ref idref="fl-2"/>
      </object_component>
      <object_component id="oc-4a4">
         <name>.debug_line</name>
         <load_address>0xf6</load_address>
         <run_address>0xf6</run_address>
         <size>0x64</size>
         <input_file_ref idref="fl-3"/>
      </object_component>
      <object_component id="oc-49e">
         <name>.debug_line</name>
         <load_address>0x15a</load_address>
         <run_address>0x15a</run_address>
         <size>0x77</size>
         <input_file_ref idref="fl-3"/>
      </object_component>
      <object_component id="oc-421">
         <name>.debug_line</name>
         <load_address>0x1d1</load_address>
         <run_address>0x1d1</run_address>
         <size>0x4d</size>
         <input_file_ref idref="fl-3"/>
      </object_component>
      <object_component id="oc-596">
         <name>.debug_line</name>
         <load_address>0x21e</load_address>
         <run_address>0x21e</run_address>
         <size>0x5f</size>
         <input_file_ref idref="fl-4"/>
      </object_component>
      <object_component id="oc-5b1">
         <name>.debug_line</name>
         <load_address>0x27d</load_address>
         <run_address>0x27d</run_address>
         <size>0x32</size>
         <input_file_ref idref="fl-4"/>
      </object_component>
      <object_component id="oc-5b3">
         <name>.debug_line</name>
         <load_address>0x2af</load_address>
         <run_address>0x2af</run_address>
         <size>0x32</size>
         <input_file_ref idref="fl-4"/>
      </object_component>
      <object_component id="oc-599">
         <name>.debug_line</name>
         <load_address>0x2e1</load_address>
         <run_address>0x2e1</run_address>
         <size>0x52</size>
         <input_file_ref idref="fl-4"/>
      </object_component>
      <object_component id="oc-569">
         <name>.debug_line</name>
         <load_address>0x333</load_address>
         <run_address>0x333</run_address>
         <size>0x48</size>
         <input_file_ref idref="fl-4"/>
      </object_component>
      <object_component id="oc-572">
         <name>.debug_line</name>
         <load_address>0x37b</load_address>
         <run_address>0x37b</run_address>
         <size>0x5f</size>
         <input_file_ref idref="fl-4"/>
      </object_component>
      <object_component id="oc-578">
         <name>.debug_line</name>
         <load_address>0x3da</load_address>
         <run_address>0x3da</run_address>
         <size>0x46</size>
         <input_file_ref idref="fl-4"/>
      </object_component>
      <object_component id="oc-57f">
         <name>.debug_line</name>
         <load_address>0x420</load_address>
         <run_address>0x420</run_address>
         <size>0x47</size>
         <input_file_ref idref="fl-4"/>
      </object_component>
      <object_component id="oc-4fc">
         <name>.debug_line</name>
         <load_address>0x467</load_address>
         <run_address>0x467</run_address>
         <size>0x5b</size>
         <input_file_ref idref="fl-4"/>
      </object_component>
      <object_component id="oc-503">
         <name>.debug_line</name>
         <load_address>0x4c2</load_address>
         <run_address>0x4c2</run_address>
         <size>0x5b</size>
         <input_file_ref idref="fl-4"/>
      </object_component>
      <object_component id="oc-497">
         <name>.debug_line</name>
         <load_address>0x51d</load_address>
         <run_address>0x51d</run_address>
         <size>0x4c</size>
         <input_file_ref idref="fl-4"/>
      </object_component>
      <object_component id="oc-58c">
         <name>.debug_line</name>
         <load_address>0x569</load_address>
         <run_address>0x569</run_address>
         <size>0x4a</size>
         <input_file_ref idref="fl-4"/>
      </object_component>
      <object_component id="oc-530">
         <name>.debug_line</name>
         <load_address>0x5b3</load_address>
         <run_address>0x5b3</run_address>
         <size>0x80</size>
         <input_file_ref idref="fl-4"/>
      </object_component>
      <object_component id="oc-4bb">
         <name>.debug_line</name>
         <load_address>0x633</load_address>
         <run_address>0x633</run_address>
         <size>0x5b</size>
         <input_file_ref idref="fl-4"/>
      </object_component>
      <object_component id="oc-53d">
         <name>.debug_line</name>
         <load_address>0x68e</load_address>
         <run_address>0x68e</run_address>
         <size>0x68</size>
         <input_file_ref idref="fl-4"/>
      </object_component>
      <object_component id="oc-4c0">
         <name>.debug_line</name>
         <load_address>0x6f6</load_address>
         <run_address>0x6f6</run_address>
         <size>0x49</size>
         <input_file_ref idref="fl-4"/>
      </object_component>
      <object_component id="oc-44a">
         <name>.debug_line</name>
         <load_address>0x73f</load_address>
         <run_address>0x73f</run_address>
         <size>0x49</size>
         <input_file_ref idref="fl-4"/>
      </object_component>
      <object_component id="oc-451">
         <name>.debug_line</name>
         <load_address>0x788</load_address>
         <run_address>0x788</run_address>
         <size>0x49</size>
         <input_file_ref idref="fl-4"/>
      </object_component>
      <object_component id="oc-445">
         <name>.debug_line</name>
         <load_address>0x7d1</load_address>
         <run_address>0x7d1</run_address>
         <size>0x4a</size>
         <input_file_ref idref="fl-4"/>
      </object_component>
      <object_component id="oc-414">
         <name>.debug_line</name>
         <load_address>0x81b</load_address>
         <run_address>0x81b</run_address>
         <size>0x63</size>
         <input_file_ref idref="fl-4"/>
      </object_component>
      <object_component id="oc-41a">
         <name>.debug_line</name>
         <load_address>0x87e</load_address>
         <run_address>0x87e</run_address>
         <size>0x59</size>
         <input_file_ref idref="fl-4"/>
      </object_component>
      <object_component id="oc-433">
         <name>.debug_line</name>
         <load_address>0x8d7</load_address>
         <run_address>0x8d7</run_address>
         <size>0x45</size>
         <input_file_ref idref="fl-5"/>
      </object_component>
      <object_component id="oc-512">
         <name>.debug_line</name>
         <load_address>0x91c</load_address>
         <run_address>0x91c</run_address>
         <size>0x45</size>
         <input_file_ref idref="fl-5"/>
      </object_component>
      <object_component id="oc-51c">
         <name>.debug_line</name>
         <load_address>0x961</load_address>
         <run_address>0x961</run_address>
         <size>0x45</size>
         <input_file_ref idref="fl-5"/>
      </object_component>
      <object_component id="oc-438">
         <name>.debug_line</name>
         <load_address>0x9a6</load_address>
         <run_address>0x9a6</run_address>
         <size>0x45</size>
         <input_file_ref idref="fl-5"/>
      </object_component>
      <object_component id="oc-521">
         <name>.debug_line</name>
         <load_address>0x9eb</load_address>
         <run_address>0x9eb</run_address>
         <size>0x45</size>
         <input_file_ref idref="fl-5"/>
      </object_component>
      <object_component id="oc-527">
         <name>.debug_line</name>
         <load_address>0xa30</load_address>
         <run_address>0xa30</run_address>
         <size>0x45</size>
         <input_file_ref idref="fl-5"/>
      </object_component>
      <object_component id="oc-4ab">
         <name>.debug_line</name>
         <load_address>0xa75</load_address>
         <run_address>0xa75</run_address>
         <size>0x69</size>
         <input_file_ref idref="fl-5"/>
      </object_component>
      <object_component id="oc-52b">
         <name>.debug_line</name>
         <load_address>0xade</load_address>
         <run_address>0xade</run_address>
         <size>0x33</size>
         <input_file_ref idref="fl-7"/>
      </object_component>
      <object_component id="oc-43e">
         <name>.debug_line</name>
         <load_address>0xb11</load_address>
         <run_address>0xb11</run_address>
         <size>0xfa</size>
         <input_file_ref idref="fl-7"/>
      </object_component>
      <object_component id="oc-426">
         <name>.debug_line</name>
         <load_address>0xc0b</load_address>
         <run_address>0xc0b</run_address>
         <size>0x81</size>
         <input_file_ref idref="fl-7"/>
      </object_component>
      <object_component id="oc-42c">
         <name>.debug_line</name>
         <load_address>0xc8c</load_address>
         <run_address>0xc8c</run_address>
         <size>0x81</size>
         <input_file_ref idref="fl-7"/>
      </object_component>
      <object_component id="oc-510">
         <name>.debug_line</name>
         <load_address>0xd0d</load_address>
         <run_address>0xd0d</run_address>
         <size>0x4d</size>
         <input_file_ref idref="fl-28"/>
      </object_component>
      <object_component id="oc-536">
         <name>.debug_line</name>
         <load_address>0xd5a</load_address>
         <run_address>0xd5a</run_address>
         <size>0x43</size>
         <input_file_ref idref="fl-29"/>
      </object_component>
      <object_component id="oc-388">
         <name>.debug_line</name>
         <load_address>0xd9d</load_address>
         <run_address>0xd9d</run_address>
         <size>0x3d</size>
         <input_file_ref idref="fl-40"/>
      </object_component>
      <object_component id="oc-50b">
         <name>.debug_line</name>
         <load_address>0xdda</load_address>
         <run_address>0xdda</run_address>
         <size>0x46</size>
         <input_file_ref idref="fl-42"/>
      </object_component>
      <object_component id="oc-3c9">
         <name>.debug_line</name>
         <load_address>0xe20</load_address>
         <run_address>0xe20</run_address>
         <size>0x2a</size>
         <input_file_ref idref="fl-47"/>
      </object_component>
      <object_component id="oc-3a0">
         <name>.debug_line</name>
         <load_address>0xe4a</load_address>
         <run_address>0xe4a</run_address>
         <size>0x46</size>
         <input_file_ref idref="fl-47"/>
      </object_component>
      <object_component id="oc-556">
         <name>.debug_line</name>
         <load_address>0xe90</load_address>
         <run_address>0xe90</run_address>
         <size>0xbf</size>
         <input_file_ref idref="fl-48"/>
      </object_component>
      <object_component id="oc-479">
         <name>.debug_line</name>
         <load_address>0xf4f</load_address>
         <run_address>0xf4f</run_address>
         <size>0x80</size>
         <input_file_ref idref="fl-48"/>
      </object_component>
      <object_component id="oc-55a">
         <name>.debug_line</name>
         <load_address>0xfcf</load_address>
         <run_address>0xfcf</run_address>
         <size>0x2e</size>
         <input_file_ref idref="fl-48"/>
      </object_component>
      <object_component id="oc-566">
         <name>.debug_line</name>
         <load_address>0xffd</load_address>
         <run_address>0xffd</run_address>
         <size>0x9a</size>
         <input_file_ref idref="fl-48"/>
      </object_component>
      <object_component id="oc-4ec">
         <name>.debug_line</name>
         <load_address>0x1097</load_address>
         <run_address>0x1097</run_address>
         <size>0x97</size>
         <input_file_ref idref="fl-48"/>
      </object_component>
      <object_component id="oc-55f">
         <name>.debug_line</name>
         <load_address>0x112e</load_address>
         <run_address>0x112e</run_address>
         <size>0x93</size>
         <input_file_ref idref="fl-48"/>
      </object_component>
      <object_component id="oc-3d5">
         <name>.debug_line</name>
         <load_address>0x11c1</load_address>
         <run_address>0x11c1</run_address>
         <size>0x92</size>
         <input_file_ref idref="fl-4a"/>
      </object_component>
      <object_component id="oc-3e7">
         <name>.debug_line</name>
         <load_address>0x1253</load_address>
         <run_address>0x1253</run_address>
         <size>0x3e</size>
         <input_file_ref idref="fl-4c"/>
      </object_component>
      <object_component id="oc-4d8">
         <name>.debug_line</name>
         <load_address>0x1291</load_address>
         <run_address>0x1291</run_address>
         <size>0x3a</size>
         <input_file_ref idref="fl-4d"/>
      </object_component>
      <object_component id="oc-3d8">
         <name>.debug_line</name>
         <load_address>0x12cb</load_address>
         <run_address>0x12cb</run_address>
         <size>0x20</size>
         <input_file_ref idref="fl-4e"/>
      </object_component>
      <object_component id="oc-78">
         <name>.debug_line</name>
         <load_address>0x12eb</load_address>
         <run_address>0x12eb</run_address>
         <size>0x50</size>
         <input_file_ref idref="fl-4e"/>
      </object_component>
      <object_component id="oc-384">
         <name>.debug_line</name>
         <load_address>0x133b</load_address>
         <run_address>0x133b</run_address>
         <size>0x3a</size>
         <input_file_ref idref="fl-4e"/>
      </object_component>
      <object_component id="oc-40a">
         <name>.debug_line</name>
         <load_address>0x1375</load_address>
         <run_address>0x1375</run_address>
         <size>0x20</size>
         <input_file_ref idref="fl-4f"/>
      </object_component>
      <object_component id="oc-6f">
         <name>.debug_line</name>
         <load_address>0x1395</load_address>
         <run_address>0x1395</run_address>
         <size>0x99</size>
         <input_file_ref idref="fl-4f"/>
      </object_component>
      <object_component id="oc-373">
         <name>.debug_line</name>
         <load_address>0x142e</load_address>
         <run_address>0x142e</run_address>
         <size>0x3a</size>
         <input_file_ref idref="fl-4f"/>
      </object_component>
      <object_component id="oc-407">
         <name>.debug_line</name>
         <load_address>0x1468</load_address>
         <run_address>0x1468</run_address>
         <size>0x9a</size>
         <input_file_ref idref="fl-4f"/>
      </object_component>
      <object_component id="oc-3cd">
         <name>.debug_line</name>
         <load_address>0x1502</load_address>
         <run_address>0x1502</run_address>
         <size>0x96</size>
         <input_file_ref idref="fl-4f"/>
      </object_component>
      <object_component id="oc-454">
         <name>.debug_line</name>
         <load_address>0x1598</load_address>
         <run_address>0x1598</run_address>
         <size>0x3d</size>
         <input_file_ref idref="fl-50"/>
      </object_component>
      <object_component id="oc-40c">
         <name>.debug_line</name>
         <load_address>0x15d5</load_address>
         <run_address>0x15d5</run_address>
         <size>0x20</size>
         <input_file_ref idref="fl-53"/>
      </object_component>
      <object_component id="oc-37b">
         <name>.debug_line</name>
         <load_address>0x15f5</load_address>
         <run_address>0x15f5</run_address>
         <size>0x42</size>
         <input_file_ref idref="fl-53"/>
      </object_component>
      <object_component id="oc-3ed">
         <name>.debug_frame</name>
         <load_address>0x0</load_address>
         <run_address>0x0</run_address>
         <size>0x48</size>
         <input_file_ref idref="fl-2"/>
      </object_component>
      <object_component id="oc-4a5">
         <name>.debug_frame</name>
         <load_address>0x48</load_address>
         <run_address>0x48</run_address>
         <size>0x40</size>
         <input_file_ref idref="fl-3"/>
      </object_component>
      <object_component id="oc-49f">
         <name>.debug_frame</name>
         <load_address>0x88</load_address>
         <run_address>0x88</run_address>
         <size>0x40</size>
         <input_file_ref idref="fl-3"/>
      </object_component>
      <object_component id="oc-41d">
         <name>.debug_frame</name>
         <load_address>0xc8</load_address>
         <run_address>0xc8</run_address>
         <size>0x3c</size>
         <input_file_ref idref="fl-3"/>
      </object_component>
      <object_component id="oc-59d">
         <name>.debug_frame</name>
         <load_address>0x104</load_address>
         <run_address>0x104</run_address>
         <size>0x3c</size>
         <input_file_ref idref="fl-4"/>
      </object_component>
      <object_component id="oc-56d">
         <name>.debug_frame</name>
         <load_address>0x140</load_address>
         <run_address>0x140</run_address>
         <size>0x3c</size>
         <input_file_ref idref="fl-4"/>
      </object_component>
      <object_component id="oc-573">
         <name>.debug_frame</name>
         <load_address>0x17c</load_address>
         <run_address>0x17c</run_address>
         <size>0x3c</size>
         <input_file_ref idref="fl-4"/>
      </object_component>
      <object_component id="oc-579">
         <name>.debug_frame</name>
         <load_address>0x1b8</load_address>
         <run_address>0x1b8</run_address>
         <size>0x3c</size>
         <input_file_ref idref="fl-4"/>
      </object_component>
      <object_component id="oc-57e">
         <name>.debug_frame</name>
         <load_address>0x1f4</load_address>
         <run_address>0x1f4</run_address>
         <size>0x3c</size>
         <input_file_ref idref="fl-4"/>
      </object_component>
      <object_component id="oc-4fd">
         <name>.debug_frame</name>
         <load_address>0x230</load_address>
         <run_address>0x230</run_address>
         <size>0x3c</size>
         <input_file_ref idref="fl-4"/>
      </object_component>
      <object_component id="oc-502">
         <name>.debug_frame</name>
         <load_address>0x26c</load_address>
         <run_address>0x26c</run_address>
         <size>0x3c</size>
         <input_file_ref idref="fl-4"/>
      </object_component>
      <object_component id="oc-496">
         <name>.debug_frame</name>
         <load_address>0x2a8</load_address>
         <run_address>0x2a8</run_address>
         <size>0x3c</size>
         <input_file_ref idref="fl-4"/>
      </object_component>
      <object_component id="oc-58d">
         <name>.debug_frame</name>
         <load_address>0x2e4</load_address>
         <run_address>0x2e4</run_address>
         <size>0x3c</size>
         <input_file_ref idref="fl-4"/>
      </object_component>
      <object_component id="oc-531">
         <name>.debug_frame</name>
         <load_address>0x320</load_address>
         <run_address>0x320</run_address>
         <size>0x4c</size>
         <input_file_ref idref="fl-4"/>
      </object_component>
      <object_component id="oc-4ba">
         <name>.debug_frame</name>
         <load_address>0x36c</load_address>
         <run_address>0x36c</run_address>
         <size>0x50</size>
         <input_file_ref idref="fl-4"/>
      </object_component>
      <object_component id="oc-53e">
         <name>.debug_frame</name>
         <load_address>0x3bc</load_address>
         <run_address>0x3bc</run_address>
         <size>0x58</size>
         <input_file_ref idref="fl-4"/>
      </object_component>
      <object_component id="oc-4c1">
         <name>.debug_frame</name>
         <load_address>0x414</load_address>
         <run_address>0x414</run_address>
         <size>0x54</size>
         <input_file_ref idref="fl-4"/>
      </object_component>
      <object_component id="oc-44b">
         <name>.debug_frame</name>
         <load_address>0x468</load_address>
         <run_address>0x468</run_address>
         <size>0x44</size>
         <input_file_ref idref="fl-4"/>
      </object_component>
      <object_component id="oc-450">
         <name>.debug_frame</name>
         <load_address>0x4ac</load_address>
         <run_address>0x4ac</run_address>
         <size>0x44</size>
         <input_file_ref idref="fl-4"/>
      </object_component>
      <object_component id="oc-444">
         <name>.debug_frame</name>
         <load_address>0x4f0</load_address>
         <run_address>0x4f0</run_address>
         <size>0x44</size>
         <input_file_ref idref="fl-4"/>
      </object_component>
      <object_component id="oc-415">
         <name>.debug_frame</name>
         <load_address>0x534</load_address>
         <run_address>0x534</run_address>
         <size>0x40</size>
         <input_file_ref idref="fl-4"/>
      </object_component>
      <object_component id="oc-41b">
         <name>.debug_frame</name>
         <load_address>0x574</load_address>
         <run_address>0x574</run_address>
         <size>0x44</size>
         <input_file_ref idref="fl-4"/>
      </object_component>
      <object_component id="oc-42f">
         <name>.debug_frame</name>
         <load_address>0x5b8</load_address>
         <run_address>0x5b8</run_address>
         <size>0x3c</size>
         <input_file_ref idref="fl-5"/>
      </object_component>
      <object_component id="oc-513">
         <name>.debug_frame</name>
         <load_address>0x5f4</load_address>
         <run_address>0x5f4</run_address>
         <size>0x3c</size>
         <input_file_ref idref="fl-5"/>
      </object_component>
      <object_component id="oc-518">
         <name>.debug_frame</name>
         <load_address>0x630</load_address>
         <run_address>0x630</run_address>
         <size>0x3c</size>
         <input_file_ref idref="fl-5"/>
      </object_component>
      <object_component id="oc-439">
         <name>.debug_frame</name>
         <load_address>0x66c</load_address>
         <run_address>0x66c</run_address>
         <size>0x3c</size>
         <input_file_ref idref="fl-5"/>
      </object_component>
      <object_component id="oc-522">
         <name>.debug_frame</name>
         <load_address>0x6a8</load_address>
         <run_address>0x6a8</run_address>
         <size>0x3c</size>
         <input_file_ref idref="fl-5"/>
      </object_component>
      <object_component id="oc-528">
         <name>.debug_frame</name>
         <load_address>0x6e4</load_address>
         <run_address>0x6e4</run_address>
         <size>0x3c</size>
         <input_file_ref idref="fl-5"/>
      </object_component>
      <object_component id="oc-4ac">
         <name>.debug_frame</name>
         <load_address>0x720</load_address>
         <run_address>0x720</run_address>
         <size>0x48</size>
         <input_file_ref idref="fl-5"/>
      </object_component>
      <object_component id="oc-43f">
         <name>.debug_frame</name>
         <load_address>0x768</load_address>
         <run_address>0x768</run_address>
         <size>0x40</size>
         <input_file_ref idref="fl-7"/>
      </object_component>
      <object_component id="oc-427">
         <name>.debug_frame</name>
         <load_address>0x7a8</load_address>
         <run_address>0x7a8</run_address>
         <size>0x40</size>
         <input_file_ref idref="fl-7"/>
      </object_component>
      <object_component id="oc-42d">
         <name>.debug_frame</name>
         <load_address>0x7e8</load_address>
         <run_address>0x7e8</run_address>
         <size>0x40</size>
         <input_file_ref idref="fl-7"/>
      </object_component>
      <object_component id="oc-3a1">
         <name>.debug_frame</name>
         <load_address>0x828</load_address>
         <run_address>0x828</run_address>
         <size>0x34</size>
         <input_file_ref idref="fl-47"/>
      </object_component>
      <object_component id="oc-47a">
         <name>.debug_frame</name>
         <load_address>0x85c</load_address>
         <run_address>0x85c</run_address>
         <size>0x48</size>
         <input_file_ref idref="fl-48"/>
      </object_component>
      <object_component id="oc-3e3">
         <name>.debug_frame</name>
         <load_address>0x8a4</load_address>
         <run_address>0x8a4</run_address>
         <size>0x3c</size>
         <input_file_ref idref="fl-4c"/>
      </object_component>
      <object_component id="oc-4dc">
         <name>.debug_frame</name>
         <load_address>0x8e0</load_address>
         <run_address>0x8e0</run_address>
         <size>0x3c</size>
         <input_file_ref idref="fl-4d"/>
      </object_component>
      <object_component id="oc-77">
         <name>.debug_frame</name>
         <load_address>0x91c</load_address>
         <run_address>0x91c</run_address>
         <size>0x3c</size>
         <input_file_ref idref="fl-4e"/>
      </object_component>
      <object_component id="oc-6e">
         <name>.debug_frame</name>
         <load_address>0x958</load_address>
         <run_address>0x958</run_address>
         <size>0x48</size>
         <input_file_ref idref="fl-4f"/>
      </object_component>
      <object_component id="oc-455">
         <name>.debug_frame</name>
         <load_address>0x9a0</load_address>
         <run_address>0x9a0</run_address>
         <size>0x3c</size>
         <input_file_ref idref="fl-50"/>
      </object_component>
      <object_component id="oc-37c">
         <name>.debug_frame</name>
         <load_address>0x9dc</load_address>
         <run_address>0x9dc</run_address>
         <size>0x3c</size>
         <input_file_ref idref="fl-53"/>
      </object_component>
      <object_component id="oc-452">
         <name>.debug_abbrev</name>
         <load_address>0x0</load_address>
         <run_address>0x0</run_address>
         <size>0x60</size>
         <input_file_ref idref="fl-2"/>
      </object_component>
      <object_component id="oc-377">
         <name>.debug_abbrev</name>
         <load_address>0x60</load_address>
         <run_address>0x60</run_address>
         <size>0x1f</size>
         <input_file_ref idref="fl-2"/>
      </object_component>
      <object_component id="oc-506">
         <name>.debug_abbrev</name>
         <load_address>0x7f</load_address>
         <run_address>0x7f</run_address>
         <size>0x50</size>
         <input_file_ref idref="fl-3"/>
      </object_component>
      <object_component id="oc-505">
         <name>.debug_abbrev</name>
         <load_address>0xcf</load_address>
         <run_address>0xcf</run_address>
         <size>0x50</size>
         <input_file_ref idref="fl-3"/>
      </object_component>
      <object_component id="oc-4a6">
         <name>.debug_abbrev</name>
         <load_address>0x11f</load_address>
         <run_address>0x11f</run_address>
         <size>0x5e</size>
         <input_file_ref idref="fl-3"/>
      </object_component>
      <object_component id="oc-595">
         <name>.debug_abbrev</name>
         <load_address>0x17d</load_address>
         <run_address>0x17d</run_address>
         <size>0x99</size>
         <input_file_ref idref="fl-4"/>
      </object_component>
      <object_component id="oc-5b0">
         <name>.debug_abbrev</name>
         <load_address>0x216</load_address>
         <run_address>0x216</run_address>
         <size>0x29</size>
         <input_file_ref idref="fl-4"/>
      </object_component>
      <object_component id="oc-5b2">
         <name>.debug_abbrev</name>
         <load_address>0x23f</load_address>
         <run_address>0x23f</run_address>
         <size>0x29</size>
         <input_file_ref idref="fl-4"/>
      </object_component>
      <object_component id="oc-5b4">
         <name>.debug_abbrev</name>
         <load_address>0x268</load_address>
         <run_address>0x268</run_address>
         <size>0x7c</size>
         <input_file_ref idref="fl-4"/>
      </object_component>
      <object_component id="oc-5ab">
         <name>.debug_abbrev</name>
         <load_address>0x2e4</load_address>
         <run_address>0x2e4</run_address>
         <size>0x50</size>
         <input_file_ref idref="fl-4"/>
      </object_component>
      <object_component id="oc-5ac">
         <name>.debug_abbrev</name>
         <load_address>0x334</load_address>
         <run_address>0x334</run_address>
         <size>0x6c</size>
         <input_file_ref idref="fl-4"/>
      </object_component>
      <object_component id="oc-5ad">
         <name>.debug_abbrev</name>
         <load_address>0x3a0</load_address>
         <run_address>0x3a0</run_address>
         <size>0x50</size>
         <input_file_ref idref="fl-4"/>
      </object_component>
      <object_component id="oc-5ae">
         <name>.debug_abbrev</name>
         <load_address>0x3f0</load_address>
         <run_address>0x3f0</run_address>
         <size>0x50</size>
         <input_file_ref idref="fl-4"/>
      </object_component>
      <object_component id="oc-580">
         <name>.debug_abbrev</name>
         <load_address>0x440</load_address>
         <run_address>0x440</run_address>
         <size>0x7a</size>
         <input_file_ref idref="fl-4"/>
      </object_component>
      <object_component id="oc-581">
         <name>.debug_abbrev</name>
         <load_address>0x4ba</load_address>
         <run_address>0x4ba</run_address>
         <size>0x7a</size>
         <input_file_ref idref="fl-4"/>
      </object_component>
      <object_component id="oc-504">
         <name>.debug_abbrev</name>
         <load_address>0x534</load_address>
         <run_address>0x534</run_address>
         <size>0x7a</size>
         <input_file_ref idref="fl-4"/>
      </object_component>
      <object_component id="oc-5af">
         <name>.debug_abbrev</name>
         <load_address>0x5ae</load_address>
         <run_address>0x5ae</run_address>
         <size>0x7a</size>
         <input_file_ref idref="fl-4"/>
      </object_component>
      <object_component id="oc-594">
         <name>.debug_abbrev</name>
         <load_address>0x628</load_address>
         <run_address>0x628</run_address>
         <size>0x7a</size>
         <input_file_ref idref="fl-4"/>
      </object_component>
      <object_component id="oc-532">
         <name>.debug_abbrev</name>
         <load_address>0x6a2</load_address>
         <run_address>0x6a2</run_address>
         <size>0x7a</size>
         <input_file_ref idref="fl-4"/>
      </object_component>
      <object_component id="oc-59e">
         <name>.debug_abbrev</name>
         <load_address>0x71c</load_address>
         <run_address>0x71c</run_address>
         <size>0x7a</size>
         <input_file_ref idref="fl-4"/>
      </object_component>
      <object_component id="oc-53f">
         <name>.debug_abbrev</name>
         <load_address>0x796</load_address>
         <run_address>0x796</run_address>
         <size>0x7a</size>
         <input_file_ref idref="fl-4"/>
      </object_component>
      <object_component id="oc-4c3">
         <name>.debug_abbrev</name>
         <load_address>0x810</load_address>
         <run_address>0x810</run_address>
         <size>0x7a</size>
[...]
         <name>UCA0TXBUF</name>
         <value>0x5ce</value>
      </symbol>
      <symbol id="sm-298">
         <name>UCA0ABCTL</name>
         <value>0x5d0</value>
      </symbol>
      <symbol id="sm-299">
         <name>UCA0IRCTL</name>
         <value>0x5d2</value>
      </symbol>
      <symbol id="sm-29a">
         <name>UCA0IRCTL_L</name>
         <value>0x5d2</value>
      </symbol>
      <symbol id="sm-29b">
         <name>UCA0IRCTL_H</name>
         <value>0x5d3</value>
      </symbol>
      <symbol id="sm-29c">
         <name>UCA0ICTL</name>
         <value>0x5dc</value>
      </symbol>
      <symbol id="sm-29d">
         <name>UCA0ICTL_L</name>
         <value>0x5dc</value>
      </symbol>
      <symbol id="sm-29e">
         <name>UCA0ICTL_H</name>
         <value>0x5dd</value>
      </symbol>
      <symbol id="sm-29f">
         <name>UCA0IV</name>
         <value>0x5de</value>
      </symbol>
      <symbol id="sm-2a0">
         <name>UCB0CTLW0</name>
         <value>0x5e0</value>
      </symbol>
      <symbol id="sm-2a1">
         <name>UCB0CTLW0_L</name>
         <value>0x5e0</value>
      </symbol>
      <symbol id="sm-2a2">
         <name>UCB0CTLW0_H</name>
         <value>0x5e1</value>
      </symbol>
      <symbol id="sm-2a3">
         <name>UCB0BRW</name>
         <value>0x5e6</value>
      </symbol>
      <symbol id="sm-2a4">
         <name>UCB0BRW_L</name>
         <value>0x5e6</value>
      </symbol>
      <symbol id="sm-2a5">
         <name>UCB0BRW_H</name>
         <value>0x5e7</value>
      </symbol>
      <symbol id="sm-2a6">
         <name>UCB0STAT</name>
         <value>0x5ea</value>
      </symbol>
      <symbol id="sm-2a7">
         <name>UCB0RXBUF</name>
         <value>0x5ec</value>
      </symbol>
      <symbol id="sm-2a8">
         <name>UCB0TXBUF</name>
         <value>0x5ee</value>
      </symbol>
      <symbol id="sm-2a9">
         <name>UCB0I2COA</name>
         <value>0x5f0</value>
      </symbol>
      <symbol id="sm-2aa">
         <name>UCB0I2COA_L</name>
         <value>0x5f0</value>
      </symbol>
      <symbol id="sm-2ab">
         <name>UCB0I2COA_H</name>
         <value>0x5f1</value>
      </symbol>
      <symbol id="sm-2ac">
         <name>UCB0I2CSA</name>
         <value>0x5f2</value>
      </symbol>
      <symbol id="sm-2ad">
         <name>UCB0I2CSA_L</name>
         <value>0x5f2</value>
      </symbol>
      <symbol id="sm-2ae">
         <name>UCB0I2CSA_H</name>
         <value>0x5f3</value>
      </symbol>
      <symbol id="sm-2af">
         <name>UCB0ICTL</name>
         <value>0x5fc</value>
      </symbol>
      <symbol id="sm-2b0">
         <name>UCB0ICTL_L</name>
         <value>0x5fc</value>
      </symbol>
      <symbol id="sm-2b1">
         <name>UCB0ICTL_H</name>
         <value>0x5fd</value>
      </symbol>
      <symbol id="sm-2b2">
         <name>UCB0IV</name>
         <value>0x5fe</value>
      </symbol>
      <symbol id="sm-2b3">
         <name>UCA1CTLW0</name>
         <value>0x600</value>
      </symbol>
      <symbol id="sm-2b4">
         <name>UCA1CTLW0_L</name>
         <value>0x600</value>
      </symbol>
      <symbol id="sm-2b5">
         <name>UCA1CTLW0_H</name>
         <value>0x601</value>
      </symbol>
      <symbol id="sm-2b6">
         <name>UCA1BRW</name>
         <value>0x606</value>
      </symbol>
      <symbol id="sm-2b7">
         <name>UCA1BRW_L</name>
         <value>0x606</value>
      </symbol>
      <symbol id="sm-2b8">
         <name>UCA1BRW_H</name>
         <value>0x607</value>
      </symbol>
      <symbol id="sm-2b9">
         <name>UCA1MCTL</name>
         <value>0x608</value>
      </symbol>
      <symbol id="sm-2ba">
         <name>UCA1STAT</name>
         <value>0x60a</value>
      </symbol>
      <symbol id="sm-2bb">
         <name>UCA1RXBUF</name>
         <value>0x60c</value>
      </symbol>
      <symbol id="sm-2bc">
         <name>UCA1TXBUF</name>
         <value>0x60e</value>
      </symbol>
      <symbol id="sm-2bd">
         <name>UCA1ABCTL</name>
         <value>0x610</value>
      </symbol>
      <symbol id="sm-2be">
         <name>UCA1IRCTL</name>
         <value>0x612</value>
      </symbol>
      <symbol id="sm-2bf">
         <name>UCA1IRCTL_L</name>
         <value>0x612</value>
      </symbol>
      <symbol id="sm-2c0">
         <name>UCA1IRCTL_H</name>
         <value>0x613</value>
      </symbol>
      <symbol id="sm-2c1">
         <name>UCA1ICTL</name>
         <value>0x61c</value>
      </symbol>
      <symbol id="sm-2c2">
         <name>UCA1ICTL_L</name>
         <value>0x61c</value>
      </symbol>
      <symbol id="sm-2c3">
         <name>UCA1ICTL_H</name>
         <value>0x61d</value>
      </symbol>
      <symbol id="sm-2c4">
         <name>UCA1IV</name>
         <value>0x61e</value>
      </symbol>
      <symbol id="sm-2c5">
         <name>UCB1CTLW0</name>
         <value>0x620</value>
      </symbol>
      <symbol id="sm-2c6">
         <name>UCB1CTLW0_L</name>
         <value>0x620</value>
      </symbol>
      <symbol id="sm-2c7">
         <name>UCB1CTLW0_H</name>
         <value>0x621</value>
      </symbol>
      <symbol id="sm-2c8">
         <name>UCB1BRW</name>
         <value>0x626</value>
      </symbol>
      <symbol id="sm-2c9">
         <name>UCB1BRW_L</name>
         <value>0x626</value>
      </symbol>
      <symbol id="sm-2ca">
         <name>UCB1BRW_H</name>
         <value>0x627</value>
      </symbol>
      <symbol id="sm-2cb">
         <name>UCB1STAT</name>
         <value>0x62a</value>
      </symbol>
      <symbol id="sm-2cc">
         <name>UCB1RXBUF</name>
         <value>0x62c</value>
      </symbol>
      <symbol id="sm-2cd">
         <name>UCB1TXBUF</name>
         <value>0x62e</value>
      </symbol>
      <symbol id="sm-2ce">
         <name>UCB1I2COA</name>
         <value>0x630</value>
      </symbol>
      <symbol id="sm-2cf">
         <name>UCB1I2COA_L</name>
         <value>0x630</value>
      </symbol>
      <symbol id="sm-2d0">
         <name>UCB1I2COA_H</name>
         <value>0x631</value>
      </symbol>
      <symbol id="sm-2d1">
         <name>UCB1I2CSA</name>
         <value>0x632</value>
      </symbol>
      <symbol id="sm-2d2">
         <name>UCB1I2CSA_L</name>
         <value>0x632</value>
      </symbol>
      <symbol id="sm-2d3">
         <name>UCB1I2CSA_H</name>
         <value>0x633</value>
      </symbol>
      <symbol id="sm-2d4">
         <name>UCB1ICTL</name>
         <value>0x63c</value>
      </symbol>
      <symbol id="sm-2d5">
         <name>UCB1ICTL_L</name>
         <value>0x63c</value>
      </symbol>
      <symbol id="sm-2d6">
         <name>UCB1ICTL_H</name>
         <value>0x63d</value>
      </symbol>
      <symbol id="sm-2d7">
         <name>UCB1IV</name>
         <value>0x63e</value>
      </symbol>
      <symbol id="sm-2d8">
         <name>WDTCTL</name>
         <value>0x15c</value>
      </symbol>
      <symbol id="sm-2d9">
         <name>WDTCTL_L</name>
         <value>0x15c</value>
      </symbol>
      <symbol id="sm-2da">
         <name>WDTCTL_H</name>
         <value>0x15d</value>
      </symbol>
      <symbol id="sm-2db">
         <name>__TI_CINIT_Base</name>
         <value>0x4c5e</value>
      </symbol>
      <symbol id="sm-2dc">
         <name>__TI_CINIT_Limit</name>
         <value>0x4c66</value>
      </symbol>
      <symbol id="sm-2dd">
         <name>__TI_Handler_Table_Base</name>
         <value>0x4c50</value>
      </symbol>
      <symbol id="sm-2de">
         <name>__TI_Handler_Table_Limit</name>
         <value>0x4c58</value>
      </symbol>
      <symbol id="sm-2df">
         <name>__STACK_SIZE</name>
         <value>0xa0</value>
      </symbol>
      <symbol id="sm-2e0">
         <name>__STACK_END</name>
         <value>0x4400</value>
      </symbol>
      <symbol id="sm-2e1">
         <name>__c_args__</name>
         <value>0xffffffff</value>
      </symbol>
      <symbol id="sm-2e2">
         <name>__TI_pprof_out_hndl</name>
         <value>0xffffffff</value>
      </symbol>
      <symbol id="sm-2e3">
         <name>__TI_prof_data_start</name>
         <value>0xffffffff</value>
      </symbol>
      <symbol id="sm-2e4">
         <name>__TI_prof_data_size</name>
         <value>0xffffffff</value>
      </symbol>
      <symbol id="sm-360">
         <name>main</name>
         <value>0x103a0</value>
         <object_component_ref idref="oc-3e8"/>
      </symbol>
      <symbol id="sm-377">
         <name>Motor_Config</name>
         <value>0x1086e</value>
         <object_component_ref idref="oc-4a0"/>
      </symbol>
      <symbol id="sm-378">
         <name>GPIO_Config</name>
         <value>0x1051c</value>
         <object_component_ref idref="oc-49a"/>
      </symbol>
      <symbol id="sm-379">
         <name>All_Config</name>
         <value>0x10d34</value>
         <object_component_ref idref="oc-41c"/>
      </symbol>
      <symbol id="sm-426">
         <name>IIC_Stop</name>
         <value>0x10dac</value>
         <object_component_ref idref="oc-57a"/>
      </symbol>
      <symbol id="sm-427">
         <name>Write_IIC_Data</name>
         <value>0x10bde</value>
         <object_component_ref idref="oc-4fe"/>
      </symbol>
      <symbol id="sm-428">
         <name>OLED_ShowNum</name>
         <value>0x1090a</value>
         <object_component_ref idref="oc-539"/>
      </symbol>
      <symbol id="sm-429">
         <name>Write_IIC_Command</name>
         <value>0x10c0c</value>
         <object_component_ref idref="oc-4f8"/>
      </symbol>
      <symbol id="sm-42a">
         <name>OLED_WORK3</name>
         <value>0x10c64</value>
         <object_component_ref idref="oc-446"/>
      </symbol>
      <symbol id="sm-42b">
         <name>OLED_WORK2</name>
         <value>0x10cde</value>
         <object_component_ref idref="oc-44c"/>
      </symbol>
      <symbol id="sm-42c">
         <name>OLED_WR_Byte</name>
         <value>0x10d60</value>
         <object_component_ref idref="oc-492"/>
      </symbol>
      <symbol id="sm-42d">
         <name>OLED_Init</name>
         <value>0x106e4</value>
         <object_component_ref idref="oc-410"/>
      </symbol>
      <symbol id="sm-42e">
         <name>F8X16</name>
         <value>0x4424</value>
         <object_component_ref idref="oc-591"/>
      </symbol>
      <symbol id="sm-42f">
         <name>OLED_ShowString</name>
         <value>0x10b6e</value>
         <object_component_ref idref="oc-4b6"/>
      </symbol>
      <symbol id="sm-430">
         <name>OLED_ShowChar</name>
         <value>0x107c2</value>
         <object_component_ref idref="oc-52c"/>
      </symbol>
      <symbol id="sm-431">
         <name>Write_IIC_Byte</name>
         <value>0x10c8e</value>
         <object_component_ref idref="oc-56e"/>
      </symbol>
      <symbol id="sm-432">
         <name>OLED_Clear</name>
         <value>0x10b2a</value>
         <object_component_ref idref="oc-416"/>
      </symbol>
      <symbol id="sm-433">
         <name>OLED_WORK</name>
         <value>0x10ba8</value>
         <object_component_ref idref="oc-440"/>
      </symbol>
      <symbol id="sm-434">
         <name>OLED_ShowVI</name>
         <value>0x10a82</value>
         <object_component_ref idref="oc-4bc"/>
      </symbol>
      <symbol id="sm-435">
         <name>oled_pow</name>
         <value>0x10d04</value>
         <object_component_ref idref="oc-598"/>
      </symbol>
      <symbol id="sm-436">
         <name>IIC_Start</name>
         <value>0x10d88</value>
         <object_component_ref idref="oc-568"/>
      </symbol>
      <symbol id="sm-437">
         <name>F6x8</name>
         <value>0x4a14</value>
         <object_component_ref idref="oc-58e"/>
      </symbol>
      <symbol id="sm-438">
         <name>IIC_Wait_Ack</name>
         <value>0x10e0a</value>
         <object_component_ref idref="oc-574"/>
      </symbol>
      <symbol id="sm-439">
         <name>OLED_Set_Pos</name>
         <value>0x10cb8</value>
         <object_component_ref idref="oc-588"/>
      </symbol>
      <symbol id="sm-472">
         <name>Motor_Left_Backward</name>
         <value>0x10dba</value>
         <object_component_ref idref="oc-517"/>
      </symbol>
      <symbol id="sm-473">
         <name>Motor_Right_Forward</name>
         <value>0x10de4</value>
         <object_component_ref idref="oc-51d"/>
      </symbol>
      <symbol id="sm-474">
         <name>Motor_Right_Stop</name>
         <value>0x10dfe</value>
         <object_component_ref idref="oc-434"/>
      </symbol>
      <symbol id="sm-475">
         <name>Motor_Right_Backward</name>
         <value>0x10df2</value>
         <object_component_ref idref="oc-523"/>
      </symbol>
      <symbol id="sm-476">
         <name>motor10</name>
         <value>0x10990</value>
         <object_component_ref idref="oc-4a7"/>
      </symbol>
      <symbol id="sm-477">
         <name>Motor_Left_Stop</name>
         <value>0x10dd6</value>
         <object_component_ref idref="oc-42e"/>
      </symbol>
      <symbol id="sm-478">
         <name>Motor_Left_Forward</name>
         <value>0x10dc8</value>
         <object_component_ref idref="oc-511"/>
      </symbol>
      <symbol id="sm-4c7">
         <name>pid_track_zhixian_up1</name>
         <value>0x10000</value>
         <object_component_ref idref="oc-422"/>
      </symbol>
      <symbol id="sm-4c8">
         <name>digtal</name>
         <value>0x10604</value>
         <object_component_ref idref="oc-43a"/>
      </symbol>
      <symbol id="sm-4c9">
         <name>pid_track_zhixian_0</name>
         <value>0x101d2</value>
         <object_component_ref idref="oc-428"/>
      </symbol>
      <symbol id="sm-4ca">
         <name>white</name>
         <value>0x2400</value>
         <object_component_ref idref="oc-4ad"/>
      </symbol>
      <symbol id="sm-4d6">
         <name>__mspabi_remi</name>
         <value>0x10c38</value>
         <object_component_ref idref="oc-50c"/>
      </symbol>
      <symbol id="sm-4d7">
         <name>__mspabi_divi</name>
         <value>0x10c38</value>
         <object_component_ref idref="oc-50c"/>
      </symbol>
      <symbol id="sm-4e1">
         <name>__mspabi_remu</name>
         <value>0x10d4a</value>
         <object_component_ref idref="oc-534"/>
      </symbol>
      <symbol id="sm-4e2">
         <name>__mspabi_divu</name>
         <value>0x10d4a</value>
         <object_component_ref idref="oc-534"/>
      </symbol>
      <symbol id="sm-4e5">
         <name>__TI_int41</name>
         <value>0xffd2</value>
         <object_component_ref idref="oc-79"/>
      </symbol>
      <symbol id="sm-4e8">
         <name>__TI_int42</name>
         <value>0xffd4</value>
         <object_component_ref idref="oc-7a"/>
      </symbol>
      <symbol id="sm-4eb">
         <name>__TI_int43</name>
         <value>0xffd6</value>
         <object_component_ref idref="oc-7b"/>
      </symbol>
      <symbol id="sm-4ee">
         <name>__TI_int44</name>
         <value>0xffd8</value>
         <object_component_ref idref="oc-7c"/>
      </symbol>
      <symbol id="sm-4f1">
         <name>__TI_int45</name>
         <value>0xffda</value>
         <object_component_ref idref="oc-7d"/>
      </symbol>
      <symbol id="sm-4f4">
         <name>__TI_int46</name>
         <value>0xffdc</value>
         <object_component_ref idref="oc-7e"/>
      </symbol>
      <symbol id="sm-4f7">
         <name>__TI_int47</name>
         <value>0xffde</value>
         <object_component_ref idref="oc-7f"/>
      </symbol>
      <symbol id="sm-4fa">
         <name>__TI_int48</name>
         <value>0xffe0</value>
         <object_component_ref idref="oc-80"/>
      </symbol>
      <symbol id="sm-4fd">
         <name>__TI_int49</name>
         <value>0xffe2</value>
         <object_component_ref idref="oc-81"/>
      </symbol>
      <symbol id="sm-500">
         <name>__TI_int50</name>
         <value>0xffe4</value>
         <object_component_ref idref="oc-82"/>
      </symbol>
      <symbol id="sm-503">
         <name>__TI_int51</name>
         <value>0xffe6</value>
         <object_component_ref idref="oc-83"/>
      </symbol>
      <symbol id="sm-506">
         <name>__TI_int52</name>
         <value>0xffe8</value>
         <object_component_ref idref="oc-84"/>
      </symbol>
      <symbol id="sm-509">
         <name>__TI_int53</name>
         <value>0xffea</value>
         <object_component_ref idref="oc-85"/>
      </symbol>
      <symbol id="sm-50c">
         <name>__TI_int54</name>
         <value>0xffec</value>
         <object_component_ref idref="oc-86"/>
      </symbol>
      <symbol id="sm-50f">
         <name>__TI_int55</name>
         <value>0xffee</value>
         <object_component_ref idref="oc-87"/>
      </symbol>
      <symbol id="sm-512">
         <name>__TI_int56</name>
         <value>0xfff0</value>
         <object_component_ref idref="oc-88"/>
      </symbol>
      <symbol id="sm-515">
         <name>__TI_int57</name>
         <value>0xfff2</value>
         <object_component_ref idref="oc-89"/>
      </symbol>
      <symbol id="sm-518">
         <name>__TI_int58</name>
         <value>0xfff4</value>
         <object_component_ref idref="oc-8a"/>
      </symbol>
      <symbol id="sm-51b">
         <name>__TI_int59</name>
         <value>0xfff6</value>
         <object_component_ref idref="oc-8b"/>
      </symbol>
      <symbol id="sm-51e">
         <name>__TI_int60</name>
         <value>0xfff8</value>
         <object_component_ref idref="oc-8c"/>
      </symbol>
      <symbol id="sm-521">
         <name>__TI_int61</name>
         <value>0xfffa</value>
         <object_component_ref idref="oc-8d"/>
      </symbol>
      <symbol id="sm-524">
         <name>__TI_int62</name>
         <value>0xfffc</value>
         <object_component_ref idref="oc-8e"/>
      </symbol>
      <symbol id="sm-52c">
         <name>__TI_ISR_TRAP</name>
         <value>0x441c</value>
         <object_component_ref idref="oc-387"/>
      </symbol>
      <symbol id="sm-535">
         <name>__mspabi_mpyi_f5hw</name>
         <value>0x10d1c</value>
         <object_component_ref idref="oc-507"/>
      </symbol>
      <symbol id="sm-549">
         <name>_stack</name>
         <value>0x4360</value>
         <object_component_ref idref="oc-36b"/>
      </symbol>
      <symbol id="sm-54a">
         <name>_c_int00_noargs</name>
         <value>0x4400</value>
         <object_component_ref idref="oc-39e"/>
      </symbol>
      <symbol id="sm-54b">
         <name>_reset_vector</name>
         <value>0xfffe</value>
         <object_component_ref idref="oc-36e"/>
      </symbol>
      <symbol id="sm-56e">
         <name>__TI_auto_init_nobinit_nopinit_hold_wdt</name>
         <value>0x10ad6</value>
         <object_component_ref idref="oc-477"/>
      </symbol>
      <symbol id="sm-57f">
         <name>_system_pre_init</name>
         <value>0x10e1a</value>
         <object_component_ref idref="oc-3e2"/>
      </symbol>
      <symbol id="sm-588">
         <name>_system_post_cinit</name>
         <value>0x10e1e</value>
         <object_component_ref idref="oc-4d7"/>
      </symbol>
      <symbol id="sm-599">
         <name>__TI_decompress_none</name>
         <value>0x10d9a</value>
         <object_component_ref idref="oc-73"/>
      </symbol>
      <symbol id="sm-5bc">
         <name>__TI_decompress_lzss</name>
         <value>0x10a0c</value>
         <object_component_ref idref="oc-6d"/>
      </symbol>
      <symbol id="sm-5c6">
         <name>C$$EXIT</name>
         <value>0x10e14</value>
         <object_component_ref idref="oc-453"/>
      </symbol>
      <symbol id="sm-5c7">
         <name>abort</name>
         <value>0x10e14</value>
         <object_component_ref idref="oc-453"/>
      </symbol>
      <symbol id="sm-5d7">
         <name>memcpy</name>
         <value>0x10d74</value>
         <object_component_ref idref="oc-37a"/>
      </symbol>
   </symbol_table>
   <title>Link successful</title>
</link_info>
